<testsuites name="jest tests" tests="1" failures="0" time="0.974">
  <testsuite name="undefined" errors="0" failures="0" skipped="0" timestamp="2020-06-09T15:58:20" time="0.974" tests="1">
    <testcase classname=" renders without crashing" name=" renders without crashing" time="0.031">
    </testcase>
  </testsuite>
</testsuites>